// Jest Snapshot v1, https://goo.gl/fbAQLP

exports[`Navbar Should renders correctly 1`] = `
<DocumentFragment>
  <nav
    class="container"
  >
    <div
      class="genres"
    >
      <div
        class="genre active"
      >
        all
      </div>
      <div
        class="genre"
      >
        documentary
      </div>
      <div
        class="genre"
      >
        comedy
      </div>
      <div
        class="genre"
      >
        horror
      </div>
      <div
        class="genre"
      >
        crime
      </div>
    </div>
    <div
      class="sort"
    >
      <span>
        SORT BY
      </span>
      <div
        class="select"
        data-testid="select"
      >
        release_date
        <div
          class="dropdown"
          data-testid="dropdown"
        >
          <p
            class=""
            data-testid="RELEASE DATE"
          >
            RELEASE DATE
          </p>
          <p
            class=""
            data-testid="RATING"
          >
            RATING
          </p>
        </div>
      </div>
    </div>
  </nav>
</DocumentFragment>
`;
