// Jest Snapshot v1, https://goo.gl/fbAQLP

exports[`Search Should renders correctly 1`] = `
<DocumentFragment>
  <div
    class="container"
  >
    <div
      class="add_btn"
    >
      <button
        class="adding"
        type="button"
      >
        search.addBtn
      </button>
    </div>
    <h1
      class="title"
    >
      search.title
    </h1>
    <form
      class="form"
    >
      <input
        class="input"
        placeholder="search.placeholder"
        type="text"
        value=""
      />
      <div
        class="search_btn"
      >
        <button
          class="search"
          type="submit"
        >
          search.searchBtn
        </button>
      </div>
    </form>
  </div>
</DocumentFragment>
`;
