// Jest Snapshot v1, https://goo.gl/fbAQLP

exports[`Search Should renders correctly 1`] = `
<DocumentFragment>
  <div
    class="container"
  >
    <button
      class="adding"
      type="button"
    >
      + ADD MOVIE
    </button>
    <h1
      class="title"
    >
      FIND YOUR MOVIE
    </h1>
    <form
      class="form"
    >
      <input
        class="input"
        placeholder="What do you want to watch?"
        type="text"
        value=""
      />
      <button
        class="search"
        type="submit"
      >
        SEARCH
      </button>
    </form>
  </div>
</DocumentFragment>
`;
